undefined
I am ready!
